#! /ucrt64/bin/vvp
:ivl_version "13.0 (stable)" "(v13_0)";
:ivl_delay_selection "TYPICAL";
:vpi_time_precision - 12;
:vpi_module "C:\msys64\ucrt64\lib\ivl\system.vpi";
:vpi_module "C:\msys64\ucrt64\lib\ivl\vhdl_sys.vpi";
:vpi_module "C:\msys64\ucrt64\lib\ivl\vhdl_textio.vpi";
:vpi_module "C:\msys64\ucrt64\lib\ivl\v2005_math.vpi";
:vpi_module "C:\msys64\ucrt64\lib\ivl\va_math.vpi";
S_000001c604389080 .scope module, "cpu_wave_tb" "cpu_wave_tb" 2 3;
 .timescale -9 -12;
v000001c604419380_0 .var "clk", 0 0;
v000001c604419560_0 .var/i "i", 31 0;
v000001c604419a60_0 .var "reset", 0 0;
S_000001c604389210 .scope module, "dut" "cpu" 2 15, 3 1 0, S_000001c604389080;
 .timescale 0 0;
    .port_info 0 /INPUT 1 "clk";
    .port_info 1 /INPUT 1 "reset";
L_000001c6045332b0 .functor BUFT 1, C4<11111111111111111111111111111110>, C4<0>, C4<0>, C4<0>;
L_000001c6043bbcd0 .functor AND 32, L_000001c604418700, L_000001c6045332b0, C4<11111111111111111111111111111111>, C4<11111111111111111111111111111111>;
L_000001c6045331d8 .functor BUFT 1, C4<00000000000000000000000000000100>, C4<0>, C4<0>, C4<0>;
v000001c604417870_0 .net/2u *"_ivl_14", 31 0, L_000001c6045331d8;  1 drivers
L_000001c604533220 .functor BUFT 1, C4<00>, C4<0>, C4<0>, C4<0>;
v000001c604417c30_0 .net/2u *"_ivl_18", 1 0, L_000001c604533220;  1 drivers
v000001c604418090_0 .net *"_ivl_20", 0 0, L_000001c60441a460;  1 drivers
L_000001c604533268 .functor BUFT 1, C4<01>, C4<0>, C4<0>, C4<0>;
v000001c604417550_0 .net/2u *"_ivl_22", 1 0, L_000001c604533268;  1 drivers
v000001c604416b50_0 .net *"_ivl_24", 0 0, L_000001c604419d80;  1 drivers
v000001c604418310_0 .net *"_ivl_26", 31 0, L_000001c604419ec0;  1 drivers
v000001c604416790_0 .net *"_ivl_32", 31 0, L_000001c604418700;  1 drivers
v000001c6044175f0_0 .net/2u *"_ivl_34", 31 0, L_000001c6045332b0;  1 drivers
v000001c604417730_0 .net *"_ivl_36", 31 0, L_000001c6043bbcd0;  1 drivers
v000001c604416970_0 .net *"_ivl_40", 31 0, L_000001c604418b60;  1 drivers
v000001c604417d70_0 .net "alu_control", 3 0, v000001c6043c9790_0;  1 drivers
v000001c6044183b0_0 .net "alu_input2", 31 0, L_000001c604419240;  1 drivers
v000001c6044177d0_0 .net "alu_result", 31 0, v000001c6043c9510_0;  1 drivers
v000001c6044168d0_0 .net "alu_src", 0 0, v000001c6043c9f10_0;  1 drivers
v000001c604417cd0_0 .var "branch_taken", 0 0;
v000001c6044184f0_0 .net "branch_target", 31 0, L_000001c604418660;  1 drivers
v000001c604416a10_0 .net "branch_type", 1 0, v000001c6043c91f0_0;  1 drivers
v000001c604418130_0 .net "clk", 0 0, v000001c604419380_0;  1 drivers
v000001c604417910_0 .net "immediate", 31 0, v000001c6043c9dd0_0;  1 drivers
v000001c604416650_0 .net "instruction", 31 0, L_000001c6043bbb10;  1 drivers
v000001c604416ab0_0 .net "jalr", 0 0, v000001c6043c9650_0;  1 drivers
v000001c604417e10_0 .net "jump", 0 0, v000001c6043c8570_0;  1 drivers
v000001c604416bf0_0 .net "jump_target", 31 0, L_000001c604418c00;  1 drivers
v000001c604416e70_0 .net "mem_read", 0 0, v000001c6043c8cf0_0;  1 drivers
v000001c6044181d0_0 .net "mem_write", 0 0, v000001c6043c8390_0;  1 drivers
v000001c604417eb0_0 .net "memory_read_data", 31 0, L_000001c604419920;  1 drivers
v000001c604416c90_0 .net "next_pc", 31 0, L_000001c604419060;  1 drivers
v000001c604418270_0 .net "pc", 31 0, v000001c6044170f0_0;  1 drivers
v000001c604416d30_0 .net "pc_plus_4", 31 0, L_000001c604418a20;  1 drivers
v000001c60441a0a0_0 .net "read_data1", 31 0, L_000001c6043bb4f0;  1 drivers
v000001c604418840_0 .net "read_data2", 31 0, L_000001c6043bbb80;  1 drivers
v000001c6044199c0_0 .net "reg_write", 0 0, v000001c6043c9290_0;  1 drivers
v000001c604419ba0_0 .net "reset", 0 0, v000001c604419a60_0;  1 drivers
v000001c604418d40_0 .net "wb_select", 1 0, v000001c6043c9330_0;  1 drivers
v000001c604419420_0 .net "write_back_data", 31 0, L_000001c60441a3c0;  1 drivers
v000001c60441a320_0 .net "zero", 0 0, L_000001c604419c40;  1 drivers
E_000001c6043c0ac0 .event anyedge, v000001c6043c91f0_0, v000001c6043c9bf0_0;
L_000001c6044191a0 .part L_000001c6043bbb10, 15, 5;
L_000001c604419740 .part L_000001c6043bbb10, 20, 5;
L_000001c604418f20 .part L_000001c6043bbb10, 7, 5;
L_000001c604419f60 .part L_000001c6043bbb10, 0, 7;
L_000001c6044197e0 .part L_000001c6043bbb10, 12, 3;
L_000001c604419b00 .part L_000001c6043bbb10, 25, 7;
L_000001c604419240 .functor MUXZ 32, L_000001c6043bbb80, v000001c6043c9dd0_0, v000001c6043c9f10_0, C4<>;
L_000001c604418a20 .arith/sum 32, v000001c6044170f0_0, L_000001c6045331d8;
L_000001c60441a460 .cmp/eq 2, v000001c6043c9330_0, L_000001c604533220;
L_000001c604419d80 .cmp/eq 2, v000001c6043c9330_0, L_000001c604533268;
L_000001c604419ec0 .functor MUXZ 32, L_000001c604418a20, L_000001c604419920, L_000001c604419d80, C4<>;
L_000001c60441a3c0 .functor MUXZ 32, L_000001c604419ec0, v000001c6043c9510_0, L_000001c60441a460, C4<>;
L_000001c604418660 .arith/sum 32, v000001c6044170f0_0, v000001c6043c9dd0_0;
L_000001c604418700 .arith/sum 32, L_000001c6043bb4f0, v000001c6043c9dd0_0;
L_000001c604418c00 .functor MUXZ 32, L_000001c604418660, L_000001c6043bbcd0, v000001c6043c9650_0, C4<>;
L_000001c604418b60 .functor MUXZ 32, L_000001c604418a20, L_000001c604418660, v000001c604417cd0_0, C4<>;
L_000001c604419060 .functor MUXZ 32, L_000001c604418b60, L_000001c604418c00, v000001c6043c8570_0, C4<>;
S_000001c6043af3d0 .scope module, "alu_inst" "alu" 3 102, 4 1 0, S_000001c604389210;
 .timescale 0 0;
    .port_info 0 /INPUT 32 "a";
    .port_info 1 /INPUT 32 "b";
    .port_info 2 /INPUT 4 "alu_control";
    .port_info 3 /OUTPUT 32 "result";
    .port_info 4 /OUTPUT 1 "zero";
L_000001c604533100 .functor BUFT 1, C4<00000000000000000000000000000000>, C4<0>, C4<0>, C4<0>;
v000001c6043c9010_0 .net/2u *"_ivl_0", 31 0, L_000001c604533100;  1 drivers
v000001c6043c9470_0 .net "a", 31 0, L_000001c6043bb4f0;  alias, 1 drivers
v000001c6043c9970_0 .net "alu_control", 3 0, v000001c6043c9790_0;  alias, 1 drivers
v000001c6043c9150_0 .net "b", 31 0, L_000001c604419240;  alias, 1 drivers
v000001c6043c9510_0 .var "result", 31 0;
v000001c6043c9bf0_0 .net "zero", 0 0, L_000001c604419c40;  alias, 1 drivers
E_000001c6043c0840 .event anyedge, v000001c6043c9970_0, v000001c6043c9470_0, v000001c6043c9150_0;
L_000001c604419c40 .cmp/eq 32, v000001c6043c9510_0, L_000001c604533100;
S_000001c6043af560 .scope module, "cu" "control_unit" 3 85, 5 1 0, S_000001c604389210;
 .timescale 0 0;
    .port_info 0 /INPUT 7 "opcode";
    .port_info 1 /INPUT 3 "funct3";
    .port_info 2 /INPUT 7 "funct7";
    .port_info 3 /OUTPUT 1 "reg_write";
    .port_info 4 /OUTPUT 1 "alu_src";
    .port_info 5 /OUTPUT 1 "mem_read";
    .port_info 6 /OUTPUT 1 "mem_write";
    .port_info 7 /OUTPUT 2 "wb_select";
    .port_info 8 /OUTPUT 2 "branch_type";
    .port_info 9 /OUTPUT 1 "jump";
    .port_info 10 /OUTPUT 4 "alu_control";
    .port_info 11 /OUTPUT 1 "jalr";
v000001c6043c9790_0 .var "alu_control", 3 0;
v000001c6043c9f10_0 .var "alu_src", 0 0;
v000001c6043c91f0_0 .var "branch_type", 1 0;
v000001c6043c8c50_0 .net "funct3", 2 0, L_000001c6044197e0;  1 drivers
v000001c6043c9a10_0 .net "funct7", 6 0, L_000001c604419b00;  1 drivers
v000001c6043c9650_0 .var "jalr", 0 0;
v000001c6043c8570_0 .var "jump", 0 0;
v000001c6043c8cf0_0 .var "mem_read", 0 0;
v000001c6043c8390_0 .var "mem_write", 0 0;
v000001c6043c93d0_0 .net "opcode", 6 0, L_000001c604419f60;  1 drivers
v000001c6043c9290_0 .var "reg_write", 0 0;
v000001c6043c9330_0 .var "wb_select", 1 0;
E_000001c6043c0f40 .event anyedge, v000001c6043c93d0_0, v000001c6043c8c50_0, v000001c6043c9a10_0;
S_000001c6043af6f0 .scope module, "dmem" "data_memory" 3 112, 6 1 0, S_000001c604389210;
 .timescale 0 0;
    .port_info 0 /INPUT 1 "clk";
    .port_info 1 /INPUT 1 "mem_read";
    .port_info 2 /INPUT 1 "mem_write";
    .port_info 3 /INPUT 32 "address";
    .port_info 4 /INPUT 32 "write_data";
    .port_info 5 /OUTPUT 32 "read_data";
v000001c6043c8d90_0 .net *"_ivl_2", 31 0, L_000001c604419ce0;  1 drivers
v000001c6043c8610_0 .net *"_ivl_4", 9 0, L_000001c604419880;  1 drivers
L_000001c604533148 .functor BUFT 1, C4<00>, C4<0>, C4<0>, C4<0>;
v000001c6043c9c90_0 .net *"_ivl_7", 1 0, L_000001c604533148;  1 drivers
L_000001c604533190 .functor BUFT 1, C4<00000000000000000000000000000000>, C4<0>, C4<0>, C4<0>;
v000001c6043c8e30_0 .net/2u *"_ivl_8", 31 0, L_000001c604533190;  1 drivers
v000001c6043c81b0_0 .net "address", 31 0, v000001c6043c9510_0;  alias, 1 drivers
v000001c6043c9d30_0 .net "clk", 0 0, v000001c604419380_0;  alias, 1 drivers
v000001c6043c84d0_0 .net "index", 7 0, L_000001c60441a1e0;  1 drivers
v000001c6043c9830_0 .net "mem_read", 0 0, v000001c6043c8cf0_0;  alias, 1 drivers
v000001c6043c8110_0 .net "mem_write", 0 0, v000001c6043c8390_0;  alias, 1 drivers
v000001c6043c98d0 .array "memory", 255 0, 31 0;
v000001c6043c8250_0 .net "read_data", 31 0, L_000001c604419920;  alias, 1 drivers
v000001c6043c8070_0 .net "write_data", 31 0, L_000001c6043bbb80;  alias, 1 drivers
E_000001c6043c1400 .event posedge, v000001c6043c9d30_0;
L_000001c60441a1e0 .part v000001c6043c9510_0, 2, 8;
L_000001c604419ce0 .array/port v000001c6043c98d0, L_000001c604419880;
L_000001c604419880 .concat [ 8 2 0 0], L_000001c60441a1e0, L_000001c604533148;
L_000001c604419920 .functor MUXZ 32, L_000001c604533190, L_000001c604419ce0, v000001c6043c8cf0_0, C4<>;
S_000001c6043adbf0 .scope module, "imem" "instruction_mem" 3 58, 7 1 0, S_000001c604389210;
 .timescale 0 0;
    .port_info 0 /INPUT 32 "address";
    .port_info 1 /OUTPUT 32 "instruction";
L_000001c6043bbb10 .functor BUFZ 32, L_000001c604419e20, C4<00000000000000000000000000000000>, C4<00000000000000000000000000000000>, C4<00000000000000000000000000000000>;
v000001c6043c86b0_0 .net *"_ivl_0", 31 0, L_000001c604419e20;  1 drivers
v000001c6043c87f0_0 .net *"_ivl_3", 13 0, L_000001c604419600;  1 drivers
v000001c6043c8930_0 .net *"_ivl_4", 15 0, L_000001c604418fc0;  1 drivers
L_000001c604533028 .functor BUFT 1, C4<00>, C4<0>, C4<0>, C4<0>;
v000001c6043c89d0_0 .net *"_ivl_7", 1 0, L_000001c604533028;  1 drivers
v000001c6043c8b10_0 .net "address", 31 0, v000001c6044170f0_0;  alias, 1 drivers
v000001c6043c8ed0_0 .net "instruction", 31 0, L_000001c6043bbb10;  alias, 1 drivers
v000001c6043c82f0 .array "memory", 16383 0, 31 0;
L_000001c604419e20 .array/port v000001c6043c82f0, L_000001c604418fc0;
L_000001c604419600 .part v000001c6044170f0_0, 2, 14;
L_000001c604418fc0 .concat [ 14 2 0 0], L_000001c604419600, L_000001c604533028;
S_000001c6043add80 .scope module, "imm_gen" "immediate_gen" 3 78, 8 1 0, S_000001c604389210;
 .timescale 0 0;
    .port_info 0 /INPUT 32 "instruction";
    .port_info 1 /OUTPUT 32 "immediate";
v000001c6043c9dd0_0 .var "immediate", 31 0;
v000001c604384ae0_0 .net "instruction", 31 0, L_000001c6043bbb10;  alias, 1 drivers
v000001c604416fb0_0 .net "opcode", 6 0, L_000001c6044196a0;  1 drivers
E_000001c6043c1a40 .event anyedge, v000001c604416fb0_0, v000001c6043c8ed0_0;
L_000001c6044196a0 .part L_000001c6043bbb10, 0, 7;
S_000001c6043adf10 .scope module, "pc_inst" "pc" 3 49, 9 1 0, S_000001c604389210;
 .timescale 0 0;
    .port_info 0 /INPUT 1 "clk";
    .port_info 1 /INPUT 1 "rst";
    .port_info 2 /INPUT 32 "next_pc";
    .port_info 3 /OUTPUT 32 "pc";
v000001c604417190_0 .net "clk", 0 0, v000001c604419380_0;  alias, 1 drivers
v000001c604417050_0 .net "next_pc", 31 0, L_000001c604419060;  alias, 1 drivers
v000001c6044170f0_0 .var "pc", 31 0;
v000001c604417370_0 .net "rst", 0 0, v000001c604419a60_0;  alias, 1 drivers
S_000001c6043a8aa0 .scope module, "rf" "register_file" 3 65, 10 1 0, S_000001c604389210;
 .timescale 0 0;
    .port_info 0 /INPUT 1 "clk";
    .port_info 1 /INPUT 1 "reg_write";
    .port_info 2 /INPUT 5 "rs1";
    .port_info 3 /INPUT 5 "rs2";
    .port_info 4 /INPUT 5 "rd";
    .port_info 5 /INPUT 32 "write_data";
    .port_info 6 /OUTPUT 32 "read_data1";
    .port_info 7 /OUTPUT 32 "read_data2";
L_000001c6043bb4f0 .functor BUFZ 32, L_000001c604419100, C4<00000000000000000000000000000000>, C4<00000000000000000000000000000000>, C4<00000000000000000000000000000000>;
L_000001c6043bbb80 .functor BUFZ 32, L_000001c6044194c0, C4<00000000000000000000000000000000>, C4<00000000000000000000000000000000>, C4<00000000000000000000000000000000>;
v000001c6044166f0_0 .net *"_ivl_0", 31 0, L_000001c604419100;  1 drivers
v000001c604417ff0_0 .net *"_ivl_10", 6 0, L_000001c604418ac0;  1 drivers
L_000001c6045330b8 .functor BUFT 1, C4<00>, C4<0>, C4<0>, C4<0>;
v000001c604417230_0 .net *"_ivl_13", 1 0, L_000001c6045330b8;  1 drivers
v000001c6044174b0_0 .net *"_ivl_2", 6 0, L_000001c60441a500;  1 drivers
L_000001c604533070 .functor BUFT 1, C4<00>, C4<0>, C4<0>, C4<0>;
v000001c604416dd0_0 .net *"_ivl_5", 1 0, L_000001c604533070;  1 drivers
v000001c6044172d0_0 .net *"_ivl_8", 31 0, L_000001c6044194c0;  1 drivers
v000001c604416830_0 .net "clk", 0 0, v000001c604419380_0;  alias, 1 drivers
v000001c604417410_0 .var/i "i", 31 0;
v000001c604417f50_0 .net "rd", 4 0, L_000001c604418f20;  1 drivers
v000001c604417690_0 .net "read_data1", 31 0, L_000001c6043bb4f0;  alias, 1 drivers
v000001c604417af0_0 .net "read_data2", 31 0, L_000001c6043bbb80;  alias, 1 drivers
v000001c6044179b0_0 .net "reg_write", 0 0, v000001c6043c9290_0;  alias, 1 drivers
v000001c604417a50 .array "registers", 31 0, 31 0;
v000001c604416f10_0 .net "rs1", 4 0, L_000001c6044191a0;  1 drivers
v000001c604418450_0 .net "rs2", 4 0, L_000001c604419740;  1 drivers
v000001c604417b90_0 .net "write_data", 31 0, L_000001c60441a3c0;  alias, 1 drivers
L_000001c604419100 .array/port v000001c604417a50, L_000001c60441a500;
L_000001c60441a500 .concat [ 5 2 0 0], L_000001c6044191a0, L_000001c604533070;
L_000001c6044194c0 .array/port v000001c604417a50, L_000001c604418ac0;
L_000001c604418ac0 .concat [ 5 2 0 0], L_000001c604419740, L_000001c6045330b8;
    .scope S_000001c6043adf10;
T_0 ;
    %wait E_000001c6043c1400;
    %load/vec4 v000001c604417370_0;
    %flag_set/vec4 8;
    %jmp/0xz  T_0.0, 8;
    %pushi/vec4 0, 0, 32;
    %assign/vec4 v000001c6044170f0_0, 0;
    %jmp T_0.1;
T_0.0 ;
    %load/vec4 v000001c604417050_0;
    %assign/vec4 v000001c6044170f0_0, 0;
T_0.1 ;
    %jmp T_0;
    .thread T_0;
    .scope S_000001c6043a8aa0;
T_1 ;
    %pushi/vec4 0, 0, 32;
    %store/vec4 v000001c604417410_0, 0, 32;
T_1.0 ; Top of for-loop
    %load/vec4 v000001c604417410_0;
    %cmpi/s 32, 0, 32;
	  %jmp/0xz T_1.1, 5;
    %pushi/vec4 0, 0, 32;
    %ix/getv/s 4, v000001c604417410_0;
    %store/vec4a v000001c604417a50, 4, 0;
T_1.2 ; for-loop step statement
    %load/vec4 v000001c604417410_0;
    %addi 1, 0, 32;
    %store/vec4 v000001c604417410_0, 0, 32;
    %jmp T_1.0;
T_1.1 ; for-loop exit label
    %end;
    .thread T_1;
    .scope S_000001c6043a8aa0;
T_2 ;
    %wait E_000001c6043c1400;
    %load/vec4 v000001c6044179b0_0;
    %flag_set/vec4 9;
    %flag_get/vec4 9;
    %jmp/0 T_2.2, 9;
    %load/vec4 v000001c604417f50_0;
    %pushi/vec4 0, 0, 5;
    %cmp/ne;
    %flag_get/vec4 4;
    %and;
T_2.2;
    %flag_set/vec4 8;
    %jmp/0xz  T_2.0, 8;
    %load/vec4 v000001c604417b90_0;
    %load/vec4 v000001c604417f50_0;
    %pad/u 7;
    %ix/vec4 3;
    %ix/load 4, 0, 0; Constant delay
    %assign/vec4/a/d v000001c604417a50, 0, 4;
T_2.0 ;
    %jmp T_2;
    .thread T_2;
    .scope S_000001c6043add80;
T_3 ;
    %wait E_000001c6043c1a40;
    %load/vec4 v000001c604416fb0_0;
    %dup/vec4;
    %pushi/vec4 19, 0, 7;
    %cmp/u;
    %jmp/1 T_3.0, 6;
    %dup/vec4;
    %pushi/vec4 3, 0, 7;
    %cmp/u;
    %jmp/1 T_3.1, 6;
    %dup/vec4;
    %pushi/vec4 103, 0, 7;
    %cmp/u;
    %jmp/1 T_3.2, 6;
    %dup/vec4;
    %pushi/vec4 35, 0, 7;
    %cmp/u;
    %jmp/1 T_3.3, 6;
    %dup/vec4;
    %pushi/vec4 99, 0, 7;
    %cmp/u;
    %jmp/1 T_3.4, 6;
    %dup/vec4;
    %pushi/vec4 111, 0, 7;
    %cmp/u;
    %jmp/1 T_3.5, 6;
    %pushi/vec4 0, 0, 32;
    %store/vec4 v000001c6043c9dd0_0, 0, 32;
    %jmp T_3.7;
T_3.0 ;
    %load/vec4 v000001c604384ae0_0;
    %parti/s 1, 31, 6;
    %replicate 20;
    %load/vec4 v000001c604384ae0_0;
    %parti/s 12, 20, 6;
    %concat/vec4; draw_concat_vec4
    %store/vec4 v000001c6043c9dd0_0, 0, 32;
    %jmp T_3.7;
T_3.1 ;
    %load/vec4 v000001c604384ae0_0;
    %parti/s 1, 31, 6;
    %replicate 20;
    %load/vec4 v000001c604384ae0_0;
    %parti/s 12, 20, 6;
    %concat/vec4; draw_concat_vec4
    %store/vec4 v000001c6043c9dd0_0, 0, 32;
    %jmp T_3.7;
T_3.2 ;
    %load/vec4 v000001c604384ae0_0;
    %parti/s 1, 31, 6;
    %replicate 20;
    %load/vec4 v000001c604384ae0_0;
    %parti/s 12, 20, 6;
    %concat/vec4; draw_concat_vec4
    %store/vec4 v000001c6043c9dd0_0, 0, 32;
    %jmp T_3.7;
T_3.3 ;
    %load/vec4 v000001c604384ae0_0;
    %parti/s 1, 31, 6;
    %replicate 20;
    %load/vec4 v000001c604384ae0_0;
    %parti/s 7, 25, 6;
    %concat/vec4; draw_concat_vec4
    %load/vec4 v000001c604384ae0_0;
    %parti/s 5, 7, 4;
    %concat/vec4; draw_concat_vec4
    %store/vec4 v000001c6043c9dd0_0, 0, 32;
    %jmp T_3.7;
T_3.4 ;
    %load/vec4 v000001c604384ae0_0;
    %parti/s 1, 31, 6;
    %replicate 19;
    %load/vec4 v000001c604384ae0_0;
    %parti/s 1, 31, 6;
    %concat/vec4; draw_concat_vec4
    %load/vec4 v000001c604384ae0_0;
    %parti/s 1, 7, 4;
    %concat/vec4; draw_concat_vec4
    %load/vec4 v000001c604384ae0_0;
    %parti/s 6, 25, 6;
    %concat/vec4; draw_concat_vec4
    %load/vec4 v000001c604384ae0_0;
    %parti/s 4, 8, 5;
    %concat/vec4; draw_concat_vec4
    %concati/vec4 0, 0, 1;
    %store/vec4 v000001c6043c9dd0_0, 0, 32;
    %jmp T_3.7;
T_3.5 ;
    %load/vec4 v000001c604384ae0_0;
    %parti/s 1, 31, 6;
    %replicate 11;
    %load/vec4 v000001c604384ae0_0;
    %parti/s 1, 31, 6;
    %concat/vec4; draw_concat_vec4
    %load/vec4 v000001c604384ae0_0;
    %parti/s 8, 12, 5;
    %concat/vec4; draw_concat_vec4
    %load/vec4 v000001c604384ae0_0;
    %parti/s 1, 20, 6;
    %concat/vec4; draw_concat_vec4
    %load/vec4 v000001c604384ae0_0;
    %parti/s 10, 21, 6;
    %concat/vec4; draw_concat_vec4
    %concati/vec4 0, 0, 1;
    %store/vec4 v000001c6043c9dd0_0, 0, 32;
    %jmp T_3.7;
T_3.7 ;
    %pop/vec4 1;
    %jmp T_3;
    .thread T_3, $push;
    .scope S_000001c6043af560;
T_4 ;
    %wait E_000001c6043c0f40;
    %pushi/vec4 0, 0, 1;
    %store/vec4 v000001c6043c9290_0, 0, 1;
    %pushi/vec4 0, 0, 1;
    %store/vec4 v000001c6043c9f10_0, 0, 1;
    %pushi/vec4 0, 0, 1;
    %store/vec4 v000001c6043c8cf0_0, 0, 1;
    %pushi/vec4 0, 0, 1;
    %store/vec4 v000001c6043c8390_0, 0, 1;
    %pushi/vec4 0, 0, 2;
    %store/vec4 v000001c6043c9330_0, 0, 2;
    %pushi/vec4 0, 0, 2;
    %store/vec4 v000001c6043c91f0_0, 0, 2;
    %pushi/vec4 0, 0, 1;
    %store/vec4 v000001c6043c8570_0, 0, 1;
    %pushi/vec4 0, 0, 1;
    %store/vec4 v000001c6043c9650_0, 0, 1;
    %pushi/vec4 0, 0, 4;
    %store/vec4 v000001c6043c9790_0, 0, 4;
    %load/vec4 v000001c6043c93d0_0;
    %dup/vec4;
    %pushi/vec4 51, 0, 7;
    %cmp/u;
    %jmp/1 T_4.0, 6;
    %dup/vec4;
    %pushi/vec4 19, 0, 7;
    %cmp/u;
    %jmp/1 T_4.1, 6;
    %dup/vec4;
    %pushi/vec4 3, 0, 7;
    %cmp/u;
    %jmp/1 T_4.2, 6;
    %dup/vec4;
    %pushi/vec4 35, 0, 7;
    %cmp/u;
    %jmp/1 T_4.3, 6;
    %dup/vec4;
    %pushi/vec4 99, 0, 7;
    %cmp/u;
    %jmp/1 T_4.4, 6;
    %dup/vec4;
    %pushi/vec4 111, 0, 7;
    %cmp/u;
    %jmp/1 T_4.5, 6;
    %dup/vec4;
    %pushi/vec4 103, 0, 7;
    %cmp/u;
    %jmp/1 T_4.6, 6;
    %jmp T_4.7;
T_4.0 ;
    %pushi/vec4 1, 0, 1;
    %store/vec4 v000001c6043c9290_0, 0, 1;
    %pushi/vec4 0, 0, 1;
    %store/vec4 v000001c6043c9f10_0, 0, 1;
    %pushi/vec4 0, 0, 2;
    %store/vec4 v000001c6043c9330_0, 0, 2;
    %load/vec4 v000001c6043c8c50_0;
    %dup/vec4;
    %pushi/vec4 0, 0, 3;
    %cmp/u;
    %jmp/1 T_4.8, 6;
    %dup/vec4;
    %pushi/vec4 7, 0, 3;
    %cmp/u;
    %jmp/1 T_4.9, 6;
    %dup/vec4;
    %pushi/vec4 6, 0, 3;
    %cmp/u;
    %jmp/1 T_4.10, 6;
    %dup/vec4;
    %pushi/vec4 4, 0, 3;
    %cmp/u;
    %jmp/1 T_4.11, 6;
    %dup/vec4;
    %pushi/vec4 2, 0, 3;
    %cmp/u;
    %jmp/1 T_4.12, 6;
    %pushi/vec4 0, 0, 4;
    %store/vec4 v000001c6043c9790_0, 0, 4;
    %jmp T_4.14;
T_4.8 ;
    %load/vec4 v000001c6043c9a10_0;
    %cmpi/e 0, 0, 7;
    %jmp/0xz  T_4.15, 4;
    %pushi/vec4 0, 0, 4;
    %store/vec4 v000001c6043c9790_0, 0, 4;
    %jmp T_4.16;
T_4.15 ;
    %load/vec4 v000001c6043c9a10_0;
    %cmpi/e 32, 0, 7;
    %jmp/0xz  T_4.17, 4;
    %pushi/vec4 1, 0, 4;
    %store/vec4 v000001c6043c9790_0, 0, 4;
T_4.17 ;
T_4.16 ;
    %jmp T_4.14;
T_4.9 ;
    %pushi/vec4 2, 0, 4;
    %store/vec4 v000001c6043c9790_0, 0, 4;
    %jmp T_4.14;
T_4.10 ;
    %pushi/vec4 3, 0, 4;
    %store/vec4 v000001c6043c9790_0, 0, 4;
    %jmp T_4.14;
T_4.11 ;
    %pushi/vec4 4, 0, 4;
    %store/vec4 v000001c6043c9790_0, 0, 4;
    %jmp T_4.14;
T_4.12 ;
    %pushi/vec4 5, 0, 4;
    %store/vec4 v000001c6043c9790_0, 0, 4;
    %jmp T_4.14;
T_4.14 ;
    %pop/vec4 1;
    %jmp T_4.7;
T_4.1 ;
    %pushi/vec4 1, 0, 1;
    %store/vec4 v000001c6043c9290_0, 0, 1;
    %pushi/vec4 1, 0, 1;
    %store/vec4 v000001c6043c9f10_0, 0, 1;
    %pushi/vec4 0, 0, 2;
    %store/vec4 v000001c6043c9330_0, 0, 2;
    %load/vec4 v000001c6043c8c50_0;
    %dup/vec4;
    %pushi/vec4 0, 0, 3;
    %cmp/u;
    %jmp/1 T_4.19, 6;
    %dup/vec4;
    %pushi/vec4 2, 0, 3;
    %cmp/u;
    %jmp/1 T_4.20, 6;
    %dup/vec4;
    %pushi/vec4 4, 0, 3;
    %cmp/u;
    %jmp/1 T_4.21, 6;
    %dup/vec4;
    %pushi/vec4 6, 0, 3;
    %cmp/u;
    %jmp/1 T_4.22, 6;
    %dup/vec4;
    %pushi/vec4 7, 0, 3;
    %cmp/u;
    %jmp/1 T_4.23, 6;
    %pushi/vec4 0, 0, 4;
    %store/vec4 v000001c6043c9790_0, 0, 4;
    %jmp T_4.25;
T_4.19 ;
    %pushi/vec4 0, 0, 4;
    %store/vec4 v000001c6043c9790_0, 0, 4;
    %jmp T_4.25;
T_4.20 ;
    %pushi/vec4 5, 0, 4;
    %store/vec4 v000001c6043c9790_0, 0, 4;
    %jmp T_4.25;
T_4.21 ;
    %pushi/vec4 4, 0, 4;
    %store/vec4 v000001c6043c9790_0, 0, 4;
    %jmp T_4.25;
T_4.22 ;
    %pushi/vec4 3, 0, 4;
    %store/vec4 v000001c6043c9790_0, 0, 4;
    %jmp T_4.25;
T_4.23 ;
    %pushi/vec4 2, 0, 4;
    %store/vec4 v000001c6043c9790_0, 0, 4;
    %jmp T_4.25;
T_4.25 ;
    %pop/vec4 1;
    %jmp T_4.7;
T_4.2 ;
    %pushi/vec4 1, 0, 1;
    %store/vec4 v000001c6043c9290_0, 0, 1;
    %pushi/vec4 1, 0, 1;
    %store/vec4 v000001c6043c9f10_0, 0, 1;
    %pushi/vec4 1, 0, 1;
    %store/vec4 v000001c6043c8cf0_0, 0, 1;
    %pushi/vec4 1, 0, 2;
    %store/vec4 v000001c6043c9330_0, 0, 2;
    %pushi/vec4 0, 0, 4;
    %store/vec4 v000001c6043c9790_0, 0, 4;
    %jmp T_4.7;
T_4.3 ;
    %pushi/vec4 1, 0, 1;
    %store/vec4 v000001c6043c9f10_0, 0, 1;
    %pushi/vec4 1, 0, 1;
    %store/vec4 v000001c6043c8390_0, 0, 1;
    %pushi/vec4 0, 0, 2;
    %store/vec4 v000001c6043c9330_0, 0, 2;
    %pushi/vec4 0, 0, 4;
    %store/vec4 v000001c6043c9790_0, 0, 4;
    %jmp T_4.7;
T_4.4 ;
    %pushi/vec4 0, 0, 1;
    %store/vec4 v000001c6043c9f10_0, 0, 1;
    %pushi/vec4 0, 0, 2;
    %store/vec4 v000001c6043c9330_0, 0, 2;
    %pushi/vec4 1, 0, 4;
    %store/vec4 v000001c6043c9790_0, 0, 4;
    %load/vec4 v000001c6043c8c50_0;
    %dup/vec4;
    %pushi/vec4 0, 0, 3;
    %cmp/u;
    %jmp/1 T_4.26, 6;
    %dup/vec4;
    %pushi/vec4 1, 0, 3;
    %cmp/u;
    %jmp/1 T_4.27, 6;
    %pushi/vec4 0, 0, 2;
    %store/vec4 v000001c6043c91f0_0, 0, 2;
    %jmp T_4.29;
T_4.26 ;
    %pushi/vec4 1, 0, 2;
    %store/vec4 v000001c6043c91f0_0, 0, 2;
    %jmp T_4.29;
T_4.27 ;
    %pushi/vec4 2, 0, 2;
    %store/vec4 v000001c6043c91f0_0, 0, 2;
    %jmp T_4.29;
T_4.29 ;
    %pop/vec4 1;
    %jmp T_4.7;
T_4.5 ;
    %pushi/vec4 1, 0, 1;
    %store/vec4 v000001c6043c8570_0, 0, 1;
    %pushi/vec4 1, 0, 1;
    %store/vec4 v000001c6043c9290_0, 0, 1;
    %pushi/vec4 2, 0, 2;
    %store/vec4 v000001c6043c9330_0, 0, 2;
    %pushi/vec4 0, 0, 1;
    %store/vec4 v000001c6043c9650_0, 0, 1;
    %jmp T_4.7;
T_4.6 ;
    %pushi/vec4 1, 0, 1;
    %store/vec4 v000001c6043c9290_0, 0, 1;
    %pushi/vec4 1, 0, 1;
    %store/vec4 v000001c6043c8570_0, 0, 1;
    %pushi/vec4 1, 0, 1;
    %store/vec4 v000001c6043c9f10_0, 0, 1;
    %pushi/vec4 2, 0, 2;
    %store/vec4 v000001c6043c9330_0, 0, 2;
    %pushi/vec4 1, 0, 1;
    %store/vec4 v000001c6043c9650_0, 0, 1;
    %jmp T_4.7;
T_4.7 ;
    %pop/vec4 1;
    %jmp T_4;
    .thread T_4, $push;
    .scope S_000001c6043af3d0;
T_5 ;
    %wait E_000001c6043c0840;
    %load/vec4 v000001c6043c9970_0;
    %dup/vec4;
    %pushi/vec4 0, 0, 4;
    %cmp/u;
    %jmp/1 T_5.0, 6;
    %dup/vec4;
    %pushi/vec4 1, 0, 4;
    %cmp/u;
    %jmp/1 T_5.1, 6;
    %dup/vec4;
    %pushi/vec4 2, 0, 4;
    %cmp/u;
    %jmp/1 T_5.2, 6;
    %dup/vec4;
    %pushi/vec4 3, 0, 4;
    %cmp/u;
    %jmp/1 T_5.3, 6;
    %dup/vec4;
    %pushi/vec4 4, 0, 4;
    %cmp/u;
    %jmp/1 T_5.4, 6;
    %dup/vec4;
    %pushi/vec4 5, 0, 4;
    %cmp/u;
    %jmp/1 T_5.5, 6;
    %pushi/vec4 0, 0, 32;
    %store/vec4 v000001c6043c9510_0, 0, 32;
    %jmp T_5.7;
T_5.0 ;
    %load/vec4 v000001c6043c9470_0;
    %load/vec4 v000001c6043c9150_0;
    %add;
    %store/vec4 v000001c6043c9510_0, 0, 32;
    %jmp T_5.7;
T_5.1 ;
    %load/vec4 v000001c6043c9470_0;
    %load/vec4 v000001c6043c9150_0;
    %sub;
    %store/vec4 v000001c6043c9510_0, 0, 32;
    %jmp T_5.7;
T_5.2 ;
    %load/vec4 v000001c6043c9470_0;
    %load/vec4 v000001c6043c9150_0;
    %and;
    %store/vec4 v000001c6043c9510_0, 0, 32;
    %jmp T_5.7;
T_5.3 ;
    %load/vec4 v000001c6043c9470_0;
    %load/vec4 v000001c6043c9150_0;
    %or;
    %store/vec4 v000001c6043c9510_0, 0, 32;
    %jmp T_5.7;
T_5.4 ;
    %load/vec4 v000001c6043c9470_0;
    %load/vec4 v000001c6043c9150_0;
    %xor;
    %store/vec4 v000001c6043c9510_0, 0, 32;
    %jmp T_5.7;
T_5.5 ;
    %load/vec4 v000001c6043c9470_0;
    %load/vec4 v000001c6043c9150_0;
    %cmp/s;
    %flag_mov 8, 5;
    %jmp/0 T_5.8, 8;
    %pushi/vec4 1, 0, 32;
    %jmp/1 T_5.9, 8;
T_5.8 ; End of true expr.
    %pushi/vec4 0, 0, 32;
    %jmp/0 T_5.9, 8;
 ; End of false expr.
    %blend;
T_5.9;
    %store/vec4 v000001c6043c9510_0, 0, 32;
    %jmp T_5.7;
T_5.7 ;
    %pop/vec4 1;
    %jmp T_5;
    .thread T_5, $push;
    .scope S_000001c6043af6f0;
T_6 ;
    %wait E_000001c6043c1400;
    %load/vec4 v000001c6043c8110_0;
    %flag_set/vec4 8;
    %jmp/0xz  T_6.0, 8;
    %load/vec4 v000001c6043c8070_0;
    %load/vec4 v000001c6043c84d0_0;
    %pad/u 10;
    %ix/vec4 3;
    %ix/load 4, 0, 0; Constant delay
    %assign/vec4/a/d v000001c6043c98d0, 0, 4;
T_6.0 ;
    %jmp T_6;
    .thread T_6;
    .scope S_000001c604389210;
T_7 ;
    %wait E_000001c6043c0ac0;
    %load/vec4 v000001c604416a10_0;
    %dup/vec4;
    %pushi/vec4 1, 0, 2;
    %cmp/u;
    %jmp/1 T_7.0, 6;
    %dup/vec4;
    %pushi/vec4 2, 0, 2;
    %cmp/u;
    %jmp/1 T_7.1, 6;
    %pushi/vec4 0, 0, 1;
    %store/vec4 v000001c604417cd0_0, 0, 1;
    %jmp T_7.3;
T_7.0 ;
    %load/vec4 v000001c60441a320_0;
    %store/vec4 v000001c604417cd0_0, 0, 1;
    %jmp T_7.3;
T_7.1 ;
    %load/vec4 v000001c60441a320_0;
    %inv;
    %store/vec4 v000001c604417cd0_0, 0, 1;
    %jmp T_7.3;
T_7.3 ;
    %pop/vec4 1;
    %jmp T_7;
    .thread T_7, $push;
    .scope S_000001c604389080;
T_8 ;
    %pushi/vec4 0, 0, 1;
    %store/vec4 v000001c604419380_0, 0, 1;
T_8.0 ;
    %delay 5000, 0;
    %load/vec4 v000001c604419380_0;
    %inv;
    %store/vec4 v000001c604419380_0, 0, 1;
    %jmp T_8.0;
T_8.1 ;
    %end;
    .thread T_8;
    .scope S_000001c604389080;
T_9 ;
    %vpi_call 2 36 "$dumpfile", "wave.vcd" {0 0 0};
    %vpi_call 2 37 "$dumpvars", 32'sb00000000000000000000000000000000, S_000001c604389080 {0 0 0};
    %end;
    .thread T_9;
    .scope S_000001c604389080;
T_10 ;
    %pushi/vec4 1, 0, 1;
    %store/vec4 v000001c604419a60_0, 0, 1;
    %pushi/vec4 0, 0, 32;
    %store/vec4 v000001c604419560_0, 0, 32;
T_10.0 ; Top of for-loop
    %load/vec4 v000001c604419560_0;
    %cmpi/s 16384, 0, 32;
	  %jmp/0xz T_10.1, 5;
    %pushi/vec4 19, 0, 32;
    %ix/getv/s 4, v000001c604419560_0;
    %store/vec4a v000001c6043c82f0, 4, 0;
T_10.2 ; for-loop step statement
    %load/vec4 v000001c604419560_0;
    %addi 1, 0, 32;
    %store/vec4 v000001c604419560_0, 0, 32;
    %jmp T_10.0;
T_10.1 ; for-loop exit label
    %vpi_call 2 62 "$readmemh", "waveform_demo.mem", v000001c6043c82f0 {0 0 0};
    %pushi/vec4 2, 0, 32;
T_10.3 %dup/vec4;
    %cmpi/s 0, 0, 32;
    %jmp/1xz T_10.4, 5;
    %jmp/1 T_10.4, 4;
    %subi 1, 0, 32;
    %wait E_000001c6043c1400;
    %jmp T_10.3;
T_10.4 ;
    %pop/vec4 1;
    %pushi/vec4 0, 0, 1;
    %store/vec4 v000001c604419a60_0, 0, 1;
    %pushi/vec4 30, 0, 32;
T_10.5 %dup/vec4;
    %cmpi/s 0, 0, 32;
    %jmp/1xz T_10.6, 5;
    %jmp/1 T_10.6, 4;
    %subi 1, 0, 32;
    %wait E_000001c6043c1400;
    %jmp T_10.5;
T_10.6 ;
    %pop/vec4 1;
    %vpi_call 2 84 "$display", "Waveform Demo Complete" {0 0 0};
    %vpi_call 2 86 "$finish" {0 0 0};
    %end;
    .thread T_10;
# The file index is used to find the file name in the following table.
:file_names 11;
    "N/A";
    "<interactive>";
    "sim/cpu_wave_tb.v";
    "rtl/cpu.v";
    "rtl/alu.v";
    "rtl/control_unit.v";
    "rtl/data_memory.v";
    "rtl/instruction_mem.v";
    "rtl/immediate_gen.v";
    "rtl/pc.v";
    "rtl/register_file.v";
